Starting game ...
Network mode
NET sizes: ecb=42 header=30 overhead=42 (want 42/30/42)
NET: IPX driver entry at F000:1680
NET: node 7F000001E55B id 1069636235
NET: paired with id 4294909195 node C0A801B5DE87
NET: we are player 1
Sound: ready
Song: playing
Direction: UP
Future cannon tip (116,163) = 3
Direction: UP
Future cannon tip (116,163) = 3
Direction: UP
Future cannon tip (116,163) = 3
Direction: LEFT
Future cannon tip (120,170) = 3
Direction: UP
Future cannon tip (106,135) = 3
Direction: UP
Future cannon tip (106,135) = 3
Direction: RIGHT
Future cannon tip (139,142) = 3
Direction: LEFT
Future cannon tip (100,142) = 3
Direction: LEFT
Future cannon tip (100,142) = 3
Direction: LEFT
Future cannon tip (100,142) = 3
Direction: LEFT
Future cannon tip (100,142) = 3
Direction: LEFT
Future cannon tip (100,142) = 3
Direction: LEFT
Future cannon tip (100,142) = 3
Direction: LEFT
Future cannon tip (84,142) = 3
Direction: RIGHT
Future cannon tip (117,142) = 3
Direction: DOWN
Future cannon tip (106,166) = 3
Direction: DOWN
Future cannon tip (106,166) = 3
Direction: DOWN
Future cannon tip (106,166) = 3
Direction: DOWN
Future cannon tip (106,166) = 3
Direction: DOWN
Future cannon tip (106,166) = 3
Direction: DOWN
Future cannon tip (106,166) = 3
Direction: DOWN
Future cannon tip (106,166) = 3
Direction: DOWN
Future cannon tip (106,166) = 3
Direction: DOWN
Future cannon tip (106,166) = 3
Direction: DOWN
Future cannon tip (106,166) = 3
Direction: DOWN
Future cannon tip (106,166) = 3
Direction: DOWN
Future cannon tip (106,166) = 3
Direction: DOWN
Future cannon tip (106,166) = 3
Direction: DOWN
Future cannon tip (106,166) = 3
Direction: DOWN
Future cannon tip (106,166) = 3
Direction: DOWN
Future cannon tip (106,166) = 3
Direction: DOWN
Future cannon tip (106,166) = 3
Direction: DOWN
Future cannon tip (106,166) = 3
Direction: DOWN
Future cannon tip (106,166) = 3
Direction: DOWN
Future cannon tip (106,166) = 3
Direction: DOWN
Future cannon tip (106,166) = 3
Direction: DOWN
Future cannon tip (106,166) = 3
Direction: DOWN
Future cannon tip (106,166) = 3
Direction: DOWN
Future cannon tip (106,166) = 3
Direction: DOWN
Future cannon tip (106,166) = 3
Direction: DOWN
Future cannon tip (106,166) = 3
Direction: DOWN
Future cannon tip (106,166) = 3
Direction: DOWN
Future cannon tip (106,166) = 3
Direction: DOWN
Future cannon tip (106,166) = 3
Direction: RIGHT
Future cannon tip (131,156) = 3
Direction: LEFT
Future cannon tip (28,156) = 3
Direction: DOWN
Future cannon tip (112,178) = 3
Direction: UP
Future cannon tip (112,115) = 3
Direction: UP
Future cannon tip (112,115) = 3
Direction: DOWN
Future cannon tip (112,160) = 3
Direction: DOWN
Future cannon tip (112,160) = 3
Direction: DOWN
Future cannon tip (112,160) = 3
Tank hit - wins 0 / 1
Direction: DOWN
Future cannon tip (112,160) = 3
Direction: UP
Future cannon tip (116,127) = 3
Tank hit - wins 1 / 1
Direction: UP
Future cannon tip (116,127) = 3
Direction: DOWN
Future cannon tip (116,182) = 252
Direction: UP
Future cannon tip (116,137) = 3
Tank hit - wins 2 / 1
Direction: UP
Future cannon tip (116,99) = 3
Direction: UP
Future cannon tip (116,163) = 3
Tank hit - wins 2 / 2
Direction: UP
Future cannon tip (116,163) = 3
Direction: UP
Future cannon tip (116,163) = 3
Direction: UP
Future cannon tip (116,163) = 3
Direction: UP
Future cannon tip (116,163) = 3
Direction: UP
Future cannon tip (116,163) = 3
Direction: UP
Future cannon tip (116,163) = 3
Direction: UP
Future cannon tip (116,163) = 3
Direction: UP
Future cannon tip (116,163) = 3
Direction: UP
Future cannon tip (116,163) = 3
Direction: UP
Future cannon tip (116,163) = 3
Direction: UP
Future cannon tip (116,163) = 3
Direction: UP
Future cannon tip (116,163) = 3
Direction: UP
Future cannon tip (116,163) = 3
Direction: UP
Future cannon tip (116,163) = 3
NET: waited 0 frames for the other machine
NET: sent 5178, received 5163, dropped 0
