Starting game ...
Sound: ready
Song: playing
Direction: UP
Future cannon tip (116,163) = 3
Direction: UP
Future cannon tip (194,111) = 3
Direction: UP
Future cannon tip (194,67) = 252
Direction: UP
Future cannon tip (194,67) = 252
Direction: LEFT
Future cannon tip (186,22) = 3
Direction: LEFT
Future cannon tip (186,22) = 3
Direction: DOWN
Future cannon tip (208,78) = 3
Direction: LEFT
Future cannon tip (160,166) = 3
Direction: LEFT
Future cannon tip (50,166) = 3
Direction: LEFT
Future cannon tip (50,166) = 3
Direction: LEFT
Future cannon tip (50,166) = 3
Direction: RIGHT
Future cannon tip (125,166) = 3
Direction: RIGHT
Future cannon tip (125,166) = 3
Direction: LEFT
Future cannon tip (96,166) = 3
Direction: RIGHT
Future cannon tip (45,172) = 3
Direction: RIGHT
Future cannon tip (139,172) = 3
Direction: RIGHT
Future cannon tip (139,172) = 3
Direction: RIGHT
Future cannon tip (221,172) = 3
Direction: UP
Future cannon tip (210,31) = 3
Direction: DOWN
Future cannon tip (214,56) = 3
Direction: LEFT
Future cannon tip (200,172) = 3
Direction: UP
Future cannon tip (104,149) = 3
Direction: UP
Future cannon tip (104,149) = 3
Direction: UP
Future cannon tip (104,149) = 3
Direction: UP
Future cannon tip (110,147) = 3
Tank hit - wins 1 / 0
Direction: UP
Future cannon tip (110,147) = 3
Direction: UP
Future cannon tip (196,117) = 3
